// Jest Snapshot v1, https://goo.gl/fbAQLP

exports[`Test in <GifGridItem/> should render the component correctly 1`] = `
<div
  className="card animate__animated animate__bounce"
>
  <img
    alt="Tilte test"
    src="http://localhost/static/img/k.jpg"
  />
  <p>
    Tilte test
  </p>
</div>
`;
